Copyright 1986-2022 Xilinx, Inc. All Rights Reserved. Copyright 2022-2025 Advanced Micro Devices, Inc. All Rights Reserved.
---------------------------------------------------------------------------------------------------------------------------------------------
| Tool Version : Vivado v.2025.1 (win64) Build 6140274 Thu May 22 00:12:29 MDT 2025
| Date         : Tue Oct  6 00:21:04 2026
| Host         : Windows running 64-bit major release  (build 9200)
| Command      : report_timing_summary -file baseline_timing.rpt
| Design       : basys3_top
| Device       : 7a35t-cpg236
| Speed File   : -1  PRODUCTION 1.23 2018-06-13
| Design State : Routed
---------------------------------------------------------------------------------------------------------------------------------------------

Timing Summary Report

------------------------------------------------------------------------------------------------
| Timer Settings
| --------------
------------------------------------------------------------------------------------------------

  Enable Multi Corner Analysis               :  Yes
  Enable Pessimism Removal                   :  Yes
  Pessimism Removal Resolution               :  Nearest Common Node
  Enable Input Delay Default Clock           :  No
  Enable Preset / Clear Arcs                 :  No
  Disable Flight Delays                      :  No
  Ignore I/O Paths                           :  No
  Timing Early Launch at Borrowing Latches   :  No
  Borrow Time for Max Delay Exceptions       :  Yes
  Merge Timing Exceptions                    :  Yes
  Inter-SLR Compensation                     :  Conservative

  Corner  Analyze    Analyze    
  Name    Max Paths  Min Paths  
  ------  ---------  ---------  
  Slow    Yes        Yes        
  Fast    Yes        Yes        


------------------------------------------------------------------------------------------------
| Report Methodology
| ------------------
------------------------------------------------------------------------------------------------

Rule       Severity  Description                    Violations  
---------  --------  -----------------------------  ----------  
TIMING-18  Warning   Missing input or output delay  10          

Note: This report is based on the most recent report_methodology run and may not be up-to-date. Run report_methodology on the current design for the latest report.



check_timing report

Table of Contents
-----------------
1. checking no_clock (0)
2. checking constant_clock (0)
3. checking pulse_width_clock (0)
4. checking unconstrained_internal_endpoints (0)
5. checking no_input_delay (2)
6. checking no_output_delay (7)
7. checking multiple_clock (0)
8. checking generated_clocks (0)
9. checking loops (0)
10. checking partial_input_delay (0)
11. checking partial_output_delay (0)
12. checking latch_loops (0)

1. checking no_clock (0)
------------------------
 There are 0 register/latch pins with no clock.


2. checking constant_clock (0)
------------------------------
 There are 0 register/latch pins with constant_clock.


3. checking pulse_width_clock (0)
---------------------------------
 There are 0 register/latch pins which need pulse_width check


4. checking unconstrained_internal_endpoints (0)
------------------------------------------------
 There are 0 pins that are not constrained for maximum delay.

 There are 0 pins that are not constrained for maximum delay due to constant clock.


5. checking no_input_delay (2)
------------------------------
 There are 2 input ports with no input delay specified. (HIGH)

 There are 0 input ports with no input delay but user has a false path constraint.


6. checking no_output_delay (7)
-------------------------------
 There are 7 ports with no output delay specified. (HIGH)

 There are 0 ports with no output delay but user has a false path constraint

 There are 0 ports with no output delay but with a timing clock defined on it or propagating through it


7. checking multiple_clock (0)
------------------------------
 There are 0 register/latch pins with multiple clocks.


8. checking generated_clocks (0)
--------------------------------
 There are 0 generated clocks that are not connected to a clock source.


9. checking loops (0)
---------------------
 There are 0 combinational loops in the design.


10. checking partial_input_delay (0)
------------------------------------
 There are 0 input ports with partial input delay specified.


11. checking partial_output_delay (0)
-------------------------------------
 There are 0 ports with partial output delay specified.


12. checking latch_loops (0)
----------------------------
 There are 0 combinational latch loops in the design through latch input



------------------------------------------------------------------------------------------------
| Design Timing Summary
| ---------------------
------------------------------------------------------------------------------------------------

    WNS(ns)      TNS(ns)  TNS Failing Endpoints  TNS Total Endpoints      WHS(ns)      THS(ns)  THS Failing Endpoints  THS Total Endpoints     WPWS(ns)     TPWS(ns)  TPWS Failing Endpoints  TPWS Total Endpoints  
    -------      -------  ---------------------  -------------------      -------      -------  ---------------------  -------------------     --------     --------  ----------------------  --------------------  
      0.345        0.000                      0                 8275        0.064        0.000                      0                 8275        4.500        0.000                       0                  4667  


All user specified timing constraints are met.


------------------------------------------------------------------------------------------------
| Clock Summary
| -------------
------------------------------------------------------------------------------------------------

Clock    Waveform(ns)       Period(ns)      Frequency(MHz)
-----    ------------       ----------      --------------
sys_clk  {0.000 5.000}      10.000          100.000         


------------------------------------------------------------------------------------------------
| Intra Clock Table
| -----------------
------------------------------------------------------------------------------------------------

Clock             WNS(ns)      TNS(ns)  TNS Failing Endpoints  TNS Total Endpoints      WHS(ns)      THS(ns)  THS Failing Endpoints  THS Total Endpoints     WPWS(ns)     TPWS(ns)  TPWS Failing Endpoints  TPWS Total Endpoints  
-----             -------      -------  ---------------------  -------------------      -------      -------  ---------------------  -------------------     --------     --------  ----------------------  --------------------  
sys_clk             0.345        0.000                      0                 8275        0.064        0.000                      0                 8275        4.500        0.000                       0                  4667  


------------------------------------------------------------------------------------------------
| Inter Clock Table
| -----------------
------------------------------------------------------------------------------------------------

From Clock    To Clock          WNS(ns)      TNS(ns)  TNS Failing Endpoints  TNS Total Endpoints      WHS(ns)      THS(ns)  THS Failing Endpoints  THS Total Endpoints  
----------    --------          -------      -------  ---------------------  -------------------      -------      -------  ---------------------  -------------------  


------------------------------------------------------------------------------------------------
| Other Path Groups Table
| -----------------------
------------------------------------------------------------------------------------------------

Path Group    From Clock    To Clock          WNS(ns)      TNS(ns)  TNS Failing Endpoints  TNS Total Endpoints      WHS(ns)      THS(ns)  THS Failing Endpoints  THS Total Endpoints  
----------    ----------    --------          -------      -------  ---------------------  -------------------      -------      -------  ---------------------  -------------------  


------------------------------------------------------------------------------------------------
| Timing Details
| --------------
------------------------------------------------------------------------------------------------


---------------------------------------------------------------------------------------------------
From Clock:  sys_clk
  To Clock:  sys_clk

Setup :            0  Failing Endpoints,  Worst Slack        0.345ns,  Total Violation        0.000ns
Hold  :            0  Failing Endpoints,  Worst Slack        0.064ns,  Total Violation        0.000ns
PW    :            0  Failing Endpoints,  Worst Slack        4.500ns,  Total Violation        0.000ns
---------------------------------------------------------------------------------------------------


Max Delay Paths
--------------------------------------------------------------------------------------
Slack (MET) :             0.345ns  (required time - arrival time)
  Source:                 dut/b2/compress_inst/round_reg[1]/C
                            (rising edge-triggered cell FDCE clocked by sys_clk  {rise@0.000ns fall@5.000ns period=10.000ns})
  Destination:            dut/b2/compress_inst/c0/b0_r_reg[39]/D
                            (rising edge-triggered cell FDRE clocked by sys_clk  {rise@0.000ns fall@5.000ns period=10.000ns})
  Path Group:             sys_clk
  Path Type:              Setup (Max at Slow Process Corner)
  Requirement:            10.000ns  (sys_clk rise@10.000ns - sys_clk rise@0.000ns)
  Data Path Delay:        9.666ns  (logic 5.757ns (59.561%)  route 3.909ns (40.439%))
  Logic Levels:           28  (CARRY4=24 LUT2=1 LUT3=1 LUT4=2)
  Clock Path Skew:        0.014ns (DCD - SCD + CPR)
    Destination Clock Delay (DCD):    4.843ns = ( 14.843 - 10.000 ) 
    Source Clock Delay      (SCD):    5.089ns
    Clock Pessimism Removal (CPR):    0.260ns
  Clock Uncertainty:      0.035ns  ((TSJ^2 + TIJ^2)^1/2 + DJ) / 2 + PE
    Total System Jitter     (TSJ):    0.071ns
    Total Input Jitter      (TIJ):    0.000ns
    Discrete Jitter          (DJ):    0.000ns
    Phase Error              (PE):    0.000ns

    Location             Delay type                Incr(ns)  Path(ns)    Netlist Resource(s)
  -------------------------------------------------------------------    -------------------
                         (clock sys_clk rise edge)    0.000     0.000 r  
    W5                                                0.000     0.000 r  clk (IN)
                         net (fo=0)                   0.000     0.000    clk
    W5                   IBUF (Prop_ibuf_I_O)         1.458     1.458 r  clk_IBUF_inst/O
                         net (fo=1, routed)           1.967     3.425    clk_IBUF
    BUFGCTRL_X0Y0        BUFG (Prop_bufg_I_O)         0.096     3.521 r  clk_IBUF_BUFG_inst/O
                         net (fo=4666, routed)        1.568     5.089    dut/b2/compress_inst/clk_IBUF_BUFG
    SLICE_X15Y8          FDCE                                         r  dut/b2/compress_inst/round_reg[1]/C
  -------------------------------------------------------------------    -------------------
    SLICE_X15Y8          FDCE (Prop_fdce_C_Q)         0.419     5.508 r  dut/b2/compress_inst/round_reg[1]/Q
                         net (fo=71, routed)          2.051     7.559    dut/b2/compress_inst/c0/Q[1]
    SLICE_X5Y2           LUT4 (Prop_lut4_I2_O)        0.327     7.886 r  dut/b2/compress_inst/c0/a0_r[23]_i_10__1/O
                         net (fo=15, routed)          0.497     8.383    dut/b2/compress_inst/c0/mx0[22]
    SLICE_X5Y5           LUT4 (Prop_lut4_I1_O)        0.326     8.709 r  dut/b2/compress_inst/c0/a0_r[7]_i_8/O
                         net (fo=1, routed)           0.000     8.709    dut/b2/compress_inst/c0/a0_r[7]_i_8_n_0
    SLICE_X5Y5           CARRY4 (Prop_carry4_S[1]_CO[3])
                                                      0.550     9.259 r  dut/b2/compress_inst/c0/a0_r_reg[7]_i_1/CO[3]
                         net (fo=1, routed)           0.000     9.259    dut/b2/compress_inst/c0/a0_r_reg[7]_i_1_n_0
    SLICE_X5Y6           CARRY4 (Prop_carry4_CI_CO[3])
                                                      0.114     9.373 r  dut/b2/compress_inst/c0/a0_r_reg[11]_i_1/CO[3]
                         net (fo=1, routed)           0.000     9.373    dut/b2/compress_inst/c0/a0_r_reg[11]_i_1_n_0
    SLICE_X5Y7           CARRY4 (Prop_carry4_CI_CO[3])
                                                      0.114     9.487 r  dut/b2/compress_inst/c0/a0_r_reg[15]_i_1/CO[3]
                         net (fo=1, routed)           0.000     9.487    dut/b2/compress_inst/c0/a0_r_reg[15]_i_1_n_0
    SLICE_X5Y8           CARRY4 (Prop_carry4_CI_CO[3])
                                                      0.114     9.601 r  dut/b2/compress_inst/c0/a0_r_reg[19]_i_1/CO[3]
                         net (fo=1, routed)           0.000     9.601    dut/b2/compress_inst/c0/a0_r_reg[19]_i_1_n_0
    SLICE_X5Y9           CARRY4 (Prop_carry4_CI_CO[3])
                                                      0.114     9.715 r  dut/b2/compress_inst/c0/a0_r_reg[23]_i_1/CO[3]
                         net (fo=1, routed)           0.000     9.715    dut/b2/compress_inst/c0/a0_r_reg[23]_i_1_n_0
    SLICE_X5Y10          CARRY4 (Prop_carry4_CI_CO[3])
                                                      0.114     9.829 r  dut/b2/compress_inst/c0/a0_r_reg[27]_i_1/CO[3]
                         net (fo=1, routed)           0.000     9.829    dut/b2/compress_inst/c0/a0_r_reg[27]_i_1_n_0
    SLICE_X5Y11          CARRY4 (Prop_carry4_CI_CO[3])
                                                      0.114     9.943 r  dut/b2/compress_inst/c0/a0_r_reg[31]_i_1/CO[3]
                         net (fo=1, routed)           0.000     9.943    dut/b2/compress_inst/c0/a0_r_reg[31]_i_1_n_0
    SLICE_X5Y12          CARRY4 (Prop_carry4_CI_CO[3])
                                                      0.114    10.057 r  dut/b2/compress_inst/c0/a0_r_reg[35]_i_1/CO[3]
                         net (fo=1, routed)           0.000    10.057    dut/b2/compress_inst/c0/a0_r_reg[35]_i_1_n_0
    SLICE_X5Y13          CARRY4 (Prop_carry4_CI_CO[3])
                                                      0.114    10.171 r  dut/b2/compress_inst/c0/a0_r_reg[39]_i_1/CO[3]
                         net (fo=1, routed)           0.000    10.171    dut/b2/compress_inst/c0/a0_r_reg[39]_i_1_n_0
    SLICE_X5Y14          CARRY4 (Prop_carry4_CI_CO[3])
                                                      0.114    10.285 r  dut/b2/compress_inst/c0/a0_r_reg[43]_i_1/CO[3]
                         net (fo=1, routed)           0.000    10.285    dut/b2/compress_inst/c0/a0_r_reg[43]_i_1_n_0
    SLICE_X5Y15          CARRY4 (Prop_carry4_CI_O[1])
                                                      0.348    10.633 r  dut/b2/compress_inst/c0/a0_r_reg[47]_i_1/O[1]
                         net (fo=3, routed)           0.757    11.390    dut/b2/compress_inst/c0/a0[45]
    SLICE_X2Y13          LUT3 (Prop_lut3_I2_O)        0.303    11.693 r  dut/b2/compress_inst/c0/c0_r[15]_i_4/O
                         net (fo=1, routed)           0.000    11.693    dut/b2/compress_inst/c0/c0_r[15]_i_4_n_0
    SLICE_X2Y13          CARRY4 (Prop_carry4_S[1]_CO[3])
                                                      0.533    12.226 r  dut/b2/compress_inst/c0/c0_r_reg[15]_i_1/CO[3]
                         net (fo=1, routed)           0.000    12.226    dut/b2/compress_inst/c0/c0_r_reg[15]_i_1_n_0
    SLICE_X2Y14          CARRY4 (Prop_carry4_CI_CO[3])
                                                      0.117    12.343 r  dut/b2/compress_inst/c0/c0_r_reg[19]_i_1/CO[3]
                         net (fo=1, routed)           0.000    12.343    dut/b2/compress_inst/c0/c0_r_reg[19]_i_1_n_0
    SLICE_X2Y15          CARRY4 (Prop_carry4_CI_CO[3])
                                                      0.117    12.460 r  dut/b2/compress_inst/c0/c0_r_reg[23]_i_1/CO[3]
                         net (fo=1, routed)           0.000    12.460    dut/b2/compress_inst/c0/c0_r_reg[23]_i_1_n_0
    SLICE_X2Y16          CARRY4 (Prop_carry4_CI_CO[3])
                                                      0.117    12.577 r  dut/b2/compress_inst/c0/c0_r_reg[27]_i_1/CO[3]
                         net (fo=1, routed)           0.000    12.577    dut/b2/compress_inst/c0/c0_r_reg[27]_i_1_n_0
    SLICE_X2Y17          CARRY4 (Prop_carry4_CI_CO[3])
                                                      0.117    12.694 r  dut/b2/compress_inst/c0/c0_r_reg[31]_i_1/CO[3]
                         net (fo=1, routed)           0.000    12.694    dut/b2/compress_inst/c0/c0_r_reg[31]_i_1_n_0
    SLICE_X2Y18          CARRY4 (Prop_carry4_CI_CO[3])
                                                      0.117    12.811 r  dut/b2/compress_inst/c0/c0_r_reg[35]_i_1/CO[3]
                         net (fo=1, routed)           0.000    12.811    dut/b2/compress_inst/c0/c0_r_reg[35]_i_1_n_0
    SLICE_X2Y19          CARRY4 (Prop_carry4_CI_CO[3])
                                                      0.117    12.928 r  dut/b2/compress_inst/c0/c0_r_reg[39]_i_1/CO[3]
                         net (fo=1, routed)           0.000    12.928    dut/b2/compress_inst/c0/c0_r_reg[39]_i_1_n_0
    SLICE_X2Y20          CARRY4 (Prop_carry4_CI_CO[3])
                                                      0.117    13.045 r  dut/b2/compress_inst/c0/c0_r_reg[43]_i_1/CO[3]
                         net (fo=1, routed)           0.000    13.045    dut/b2/compress_inst/c0/c0_r_reg[43]_i_1_n_0
    SLICE_X2Y21          CARRY4 (Prop_carry4_CI_CO[3])
                                                      0.117    13.162 r  dut/b2/compress_inst/c0/c0_r_reg[47]_i_1/CO[3]
                         net (fo=1, routed)           0.000    13.162    dut/b2/compress_inst/c0/c0_r_reg[47]_i_1_n_0
    SLICE_X2Y22          CARRY4 (Prop_carry4_CI_CO[3])
                                                      0.117    13.279 r  dut/b2/compress_inst/c0/c0_r_reg[51]_i_1/CO[3]
                         net (fo=1, routed)           0.000    13.279    dut/b2/compress_inst/c0/c0_r_reg[51]_i_1_n_0
    SLICE_X2Y23          CARRY4 (Prop_carry4_CI_CO[3])
                                                      0.117    13.396 r  dut/b2/compress_inst/c0/c0_r_reg[55]_i_1/CO[3]
                         net (fo=1, routed)           0.000    13.396    dut/b2/compress_inst/c0/c0_r_reg[55]_i_1_n_0
    SLICE_X2Y24          CARRY4 (Prop_carry4_CI_CO[3])
                                                      0.117    13.513 r  dut/b2/compress_inst/c0/c0_r_reg[59]_i_1/CO[3]
                         net (fo=1, routed)           0.009    13.522    dut/b2/compress_inst/c0/c0_r_reg[59]_i_1_n_0
    SLICE_X2Y25          CARRY4 (Prop_carry4_CI_O[3])
                                                      0.331    13.853 r  dut/b2/compress_inst/c0/c0_r_reg[63]_i_1/O[3]
                         net (fo=2, routed)           0.595    14.448    dut/b2/compress_inst/c0/c0[63]
    SLICE_X3Y25          LUT2 (Prop_lut2_I0_O)        0.307    14.755 r  dut/b2/compress_inst/c0/b0_r[39]_i_1/O
                         net (fo=1, routed)           0.000    14.755    dut/b2/compress_inst/c0/xb0[63]
    SLICE_X3Y25          FDRE                                         r  dut/b2/compress_inst/c0/b0_r_reg[39]/D
  -------------------------------------------------------------------    -------------------

                         (clock sys_clk rise edge)   10.000    10.000 r  
    W5                                                0.000    10.000 r  clk (IN)
                         net (fo=0)                   0.000    10.000    clk
    W5                   IBUF (Prop_ibuf_I_O)         1.388    11.388 r  clk_IBUF_inst/O
                         net (fo=1, routed)           1.862    13.250    clk_IBUF
    BUFGCTRL_X0Y0        BUFG (Prop_bufg_I_O)         0.091    13.341 r  clk_IBUF_BUFG_inst/O
                         net (fo=4666, routed)        1.502    14.843    dut/b2/compress_inst/c0/clk_IBUF_BUFG
    SLICE_X3Y25          FDRE                                         r  dut/b2/compress_inst/c0/b0_r_reg[39]/C
                         clock pessimism              0.260    15.103    
                         clock uncertainty           -0.035    15.068    
    SLICE_X3Y25          FDRE (Setup_fdre_C_D)        0.032    15.100    dut/b2/compress_inst/c0/b0_r_reg[39]
  -------------------------------------------------------------------
                         required time                         15.100    
                         arrival time                         -14.755    
  -------------------------------------------------------------------
                         slack                                  0.345    





Min Delay Paths
--------------------------------------------------------------------------------------
Slack (MET) :             0.064ns  (arrival time - required time)
  Source:                 dut/b2/compress_inst/col_reg1_reg[3][20]/C
                            (rising edge-triggered cell FDCE clocked by sys_clk  {rise@0.000ns fall@5.000ns period=10.000ns})
  Destination:            dut/b2/compress_inst/d2/d0_r_reg[52]/D
                            (rising edge-triggered cell FDRE clocked by sys_clk  {rise@0.000ns fall@5.000ns period=10.000ns})
  Path Group:             sys_clk
  Path Type:              Hold (Min at Fast Process Corner)
  Requirement:            0.000ns  (sys_clk rise@0.000ns - sys_clk rise@0.000ns)
  Data Path Delay:        0.446ns  (logic 0.209ns (46.874%)  route 0.237ns (53.126%))
  Logic Levels:           1  (LUT2=1)
  Clock Path Skew:        0.261ns (DCD - SCD - CPR)
    Destination Clock Delay (DCD):    1.944ns
    Source Clock Delay      (SCD):    1.434ns
    Clock Pessimism Removal (CPR):    0.249ns

    Location             Delay type                Incr(ns)  Path(ns)    Netlist Resource(s)
  -------------------------------------------------------------------    -------------------
                         (clock sys_clk rise edge)    0.000     0.000 r  
    W5                                                0.000     0.000 r  clk (IN)
                         net (fo=0)                   0.000     0.000    clk
    W5                   IBUF (Prop_ibuf_I_O)         0.226     0.226 r  clk_IBUF_inst/O
                         net (fo=1, routed)           0.631     0.858    clk_IBUF
    BUFGCTRL_X0Y0        BUFG (Prop_bufg_I_O)         0.026     0.884 r  clk_IBUF_BUFG_inst/O
                         net (fo=4666, routed)        0.551     1.434    dut/b2/compress_inst/clk_IBUF_BUFG
    SLICE_X38Y26         FDCE                                         r  dut/b2/compress_inst/col_reg1_reg[3][20]/C
  -------------------------------------------------------------------    -------------------
    SLICE_X38Y26         FDCE (Prop_fdce_C_Q)         0.164     1.598 r  dut/b2/compress_inst/col_reg1_reg[3][20]/Q
                         net (fo=2, routed)           0.237     1.835    dut/b2/compress_inst/d2/d0_r_reg[31]_0[20]
    SLICE_X30Y26         LUT2 (Prop_lut2_I1_O)        0.045     1.880 r  dut/b2/compress_inst/d2/d0_r[52]_i_1__5/O
                         net (fo=1, routed)           0.000     1.880    dut/b2/compress_inst/d2/d0[52]
    SLICE_X30Y26         FDRE                                         r  dut/b2/compress_inst/d2/d0_r_reg[52]/D
  -------------------------------------------------------------------    -------------------

                         (clock sys_clk rise edge)    0.000     0.000 r  
    W5                                                0.000     0.000 r  clk (IN)
                         net (fo=0)                   0.000     0.000    clk
    W5                   IBUF (Prop_ibuf_I_O)         0.414     0.414 r  clk_IBUF_inst/O
                         net (fo=1, routed)           0.685     1.099    clk_IBUF
    BUFGCTRL_X0Y0        BUFG (Prop_bufg_I_O)         0.029     1.128 r  clk_IBUF_BUFG_inst/O
                         net (fo=4666, routed)        0.817     1.944    dut/b2/compress_inst/d2/clk_IBUF_BUFG
    SLICE_X30Y26         FDRE                                         r  dut/b2/compress_inst/d2/d0_r_reg[52]/C
                         clock pessimism             -0.249     1.695    
    SLICE_X30Y26         FDRE (Hold_fdre_C_D)         0.121     1.816    dut/b2/compress_inst/d2/d0_r_reg[52]
  -------------------------------------------------------------------
                         required time                         -1.816    
                         arrival time                           1.880    
  -------------------------------------------------------------------
                         slack                                  0.064    





Pulse Width Checks
--------------------------------------------------------------------------------------
Clock Name:         sys_clk
Waveform(ns):       { 0.000 5.000 }
Period(ns):         10.000
Sources:            { clk }

Check Type        Corner  Lib Pin  Reference Pin  Required(ns)  Actual(ns)  Slack(ns)  Location       Pin
Min Period        n/a     BUFG/I   n/a            2.155         10.000      7.845      BUFGCTRL_X0Y0  clk_IBUF_BUFG_inst/I
Low Pulse Width   Slow    FDPE/C   n/a            0.500         5.000       4.500      SLICE_X2Y5     dut/b2/compress_inst/FSM_onehot_state_reg[0]/C
High Pulse Width  Slow    FDPE/C   n/a            0.500         5.000       4.500      SLICE_X2Y5     dut/b2/compress_inst/FSM_onehot_state_reg[0]/C



