Copyright 1986-2022 Xilinx, Inc. All Rights Reserved. Copyright 2022-2025 Advanced Micro Devices, Inc. All Rights Reserved.
---------------------------------------------------------------------------------------------------------------------------------------------
| Tool Version : Vivado v.2025.1 (win64) Build 6140274 Thu May 22 00:12:29 MDT 2025
| Date         : Tue Oct  6 00:31:01 2026
| Host         : Windows running 64-bit major release  (build 9200)
| Command      : report_utilization -hierarchical -file hardened_utilization_hier.rpt -force
| Design       : basys3_top
| Device       : xc7a35tcpg236-1
| Speed File   : -1
| Design State : Routed
---------------------------------------------------------------------------------------------------------------------------------------------

Utilization Design Information

Table of Contents
-----------------
1. Utilization by Hierarchy

1. Utilization by Hierarchy
---------------------------

+-------------------------+------------------+------------+------------+---------+------+------+--------+--------+------------+
|         Instance        |      Module      | Total LUTs | Logic LUTs | LUTRAMs | SRLs |  FFs | RAMB36 | RAMB18 | DSP Blocks |
+-------------------------+------------------+------------+------------+---------+------+------+--------+--------+------------+
| basys3_top              |            (top) |       4941 |       4941 |       0 |    0 | 4690 |      0 |      0 |          0 |
|   (basys3_top)          |            (top) |          0 |          0 |       0 |    0 |    0 |      0 |      0 |          0 |
|   dut                   |  secure_boot_top |       4935 |       4935 |       0 |    0 | 4668 |      0 |      0 |          0 |
|     b2                  |      blake2b_top |       4896 |       4896 |       0 |    0 | 4630 |      0 |      0 |          0 |
|       compress_inst     | blake2b_compress |       4896 |       4896 |       0 |    0 | 4630 |      0 |      0 |          0 |
|         (compress_inst) | blake2b_compress |        692 |        692 |       0 |    0 | 2577 |      0 |      0 |          0 |
|         c0              |        blake2b_g |        532 |        532 |       0 |    0 |  257 |      0 |      0 |          0 |
|         c1              |      blake2b_g_0 |        518 |        518 |       0 |    0 |  257 |      0 |      0 |          0 |
|         c2              |      blake2b_g_1 |        527 |        527 |       0 |    0 |  256 |      0 |      0 |          0 |
|         c3              |      blake2b_g_2 |        527 |        527 |       0 |    0 |  256 |      0 |      0 |          0 |
|         d0              |      blake2b_g_3 |        534 |        534 |       0 |    0 |  257 |      0 |      0 |          0 |
|         d1              |      blake2b_g_4 |        529 |        529 |       0 |    0 |  256 |      0 |      0 |          0 |
|         d2              |      blake2b_g_5 |        522 |        522 |       0 |    0 |  257 |      0 |      0 |          0 |
|         d3              |      blake2b_g_6 |        525 |        525 |       0 |    0 |  257 |      0 |      0 |          0 |
|     top1                |  secure_boot_fsm |         39 |         39 |       0 |    0 |   38 |      0 |      0 |          0 |
+-------------------------+------------------+------------+------------+---------+------+------+--------+--------+------------+
* Note: The sum of lower-level cells may be larger than their parent cells total, due to cross-hierarchy LUT combining


