Copyright 1986-2022 Xilinx, Inc. All Rights Reserved. Copyright 2022-2025 Advanced Micro Devices, Inc. All Rights Reserved.
---------------------------------------------------------------------------------------------------------------------------------------------
| Tool Version : Vivado v.2025.1 (win64) Build 6140274 Thu May 22 00:12:29 MDT 2025
| Date         : Tue Oct  6 00:35:37 2026
| Host         : Windows running 64-bit major release  (build 9200)
| Command      : report_timing_summary -file hardened_timing.rpt
| Design       : basys3_top
| Device       : 7a35t-cpg236
| Speed File   : -1  PRODUCTION 1.23 2018-06-13
| Design State : Routed
---------------------------------------------------------------------------------------------------------------------------------------------

Timing Summary Report

------------------------------------------------------------------------------------------------
| Timer Settings
| --------------
------------------------------------------------------------------------------------------------

  Enable Multi Corner Analysis               :  Yes
  Enable Pessimism Removal                   :  Yes
  Pessimism Removal Resolution               :  Nearest Common Node
  Enable Input Delay Default Clock           :  No
  Enable Preset / Clear Arcs                 :  No
  Disable Flight Delays                      :  No
  Ignore I/O Paths                           :  No
  Timing Early Launch at Borrowing Latches   :  No
  Borrow Time for Max Delay Exceptions       :  Yes
  Merge Timing Exceptions                    :  Yes
  Inter-SLR Compensation                     :  Conservative

  Corner  Analyze    Analyze    
  Name    Max Paths  Min Paths  
  ------  ---------  ---------  
  Slow    Yes        Yes        
  Fast    Yes        Yes        


------------------------------------------------------------------------------------------------
| Report Methodology
| ------------------
------------------------------------------------------------------------------------------------

Rule       Severity  Description                    Violations  
---------  --------  -----------------------------  ----------  
TIMING-18  Warning   Missing input or output delay  10          

Note: This report is based on the most recent report_methodology run and may not be up-to-date. Run report_methodology on the current design for the latest report.



check_timing report

Table of Contents
-----------------
1. checking no_clock (0)
2. checking constant_clock (0)
3. checking pulse_width_clock (0)
4. checking unconstrained_internal_endpoints (0)
5. checking no_input_delay (2)
6. checking no_output_delay (8)
7. checking multiple_clock (0)
8. checking generated_clocks (0)
9. checking loops (0)
10. checking partial_input_delay (0)
11. checking partial_output_delay (0)
12. checking latch_loops (0)

1. checking no_clock (0)
------------------------
 There are 0 register/latch pins with no clock.


2. checking constant_clock (0)
------------------------------
 There are 0 register/latch pins with constant_clock.


3. checking pulse_width_clock (0)
---------------------------------
 There are 0 register/latch pins which need pulse_width check


4. checking unconstrained_internal_endpoints (0)
------------------------------------------------
 There are 0 pins that are not constrained for maximum delay.

 There are 0 pins that are not constrained for maximum delay due to constant clock.


5. checking no_input_delay (2)
------------------------------
 There are 2 input ports with no input delay specified. (HIGH)

 There are 0 input ports with no input delay but user has a false path constraint.


6. checking no_output_delay (8)
-------------------------------
 There are 8 ports with no output delay specified. (HIGH)

 There are 0 ports with no output delay but user has a false path constraint

 There are 0 ports with no output delay but with a timing clock defined on it or propagating through it


7. checking multiple_clock (0)
------------------------------
 There are 0 register/latch pins with multiple clocks.


8. checking generated_clocks (0)
--------------------------------
 There are 0 generated clocks that are not connected to a clock source.


9. checking loops (0)
---------------------
 There are 0 combinational loops in the design.


10. checking partial_input_delay (0)
------------------------------------
 There are 0 input ports with partial input delay specified.


11. checking partial_output_delay (0)
-------------------------------------
 There are 0 ports with partial output delay specified.


12. checking latch_loops (0)
----------------------------
 There are 0 combinational latch loops in the design through latch input



------------------------------------------------------------------------------------------------
| Design Timing Summary
| ---------------------
------------------------------------------------------------------------------------------------

    WNS(ns)      TNS(ns)  TNS Failing Endpoints  TNS Total Endpoints      WHS(ns)      THS(ns)  THS Failing Endpoints  THS Total Endpoints     WPWS(ns)     TPWS(ns)  TPWS Failing Endpoints  TPWS Total Endpoints  
    -------      -------  ---------------------  -------------------      -------      -------  ---------------------  -------------------     --------     --------  ----------------------  --------------------  
      1.084        0.000                      0                 8295        0.046        0.000                      0                 8295        4.500        0.000                       0                  4691  


All user specified timing constraints are met.


------------------------------------------------------------------------------------------------
| Clock Summary
| -------------
------------------------------------------------------------------------------------------------

Clock    Waveform(ns)       Period(ns)      Frequency(MHz)
-----    ------------       ----------      --------------
sys_clk  {0.000 5.000}      10.000          100.000         


------------------------------------------------------------------------------------------------
| Intra Clock Table
| -----------------
------------------------------------------------------------------------------------------------

Clock             WNS(ns)      TNS(ns)  TNS Failing Endpoints  TNS Total Endpoints      WHS(ns)      THS(ns)  THS Failing Endpoints  THS Total Endpoints     WPWS(ns)     TPWS(ns)  TPWS Failing Endpoints  TPWS Total Endpoints  
-----             -------      -------  ---------------------  -------------------      -------      -------  ---------------------  -------------------     --------     --------  ----------------------  --------------------  
sys_clk             1.084        0.000                      0                 8295        0.046        0.000                      0                 8295        4.500        0.000                       0                  4691  


------------------------------------------------------------------------------------------------
| Inter Clock Table
| -----------------
------------------------------------------------------------------------------------------------

From Clock    To Clock          WNS(ns)      TNS(ns)  TNS Failing Endpoints  TNS Total Endpoints      WHS(ns)      THS(ns)  THS Failing Endpoints  THS Total Endpoints  
----------    --------          -------      -------  ---------------------  -------------------      -------      -------  ---------------------  -------------------  


------------------------------------------------------------------------------------------------
| Other Path Groups Table
| -----------------------
------------------------------------------------------------------------------------------------

Path Group    From Clock    To Clock          WNS(ns)      TNS(ns)  TNS Failing Endpoints  TNS Total Endpoints      WHS(ns)      THS(ns)  THS Failing Endpoints  THS Total Endpoints  
----------    ----------    --------          -------      -------  ---------------------  -------------------      -------      -------  ---------------------  -------------------  


------------------------------------------------------------------------------------------------
| Timing Details
| --------------
------------------------------------------------------------------------------------------------


---------------------------------------------------------------------------------------------------
From Clock:  sys_clk
  To Clock:  sys_clk

Setup :            0  Failing Endpoints,  Worst Slack        1.084ns,  Total Violation        0.000ns
Hold  :            0  Failing Endpoints,  Worst Slack        0.046ns,  Total Violation        0.000ns
PW    :            0  Failing Endpoints,  Worst Slack        4.500ns,  Total Violation        0.000ns
---------------------------------------------------------------------------------------------------


Max Delay Paths
--------------------------------------------------------------------------------------
Slack (MET) :             1.084ns  (required time - arrival time)
  Source:                 dut/b2/compress_inst/d3/b0_r_reg[13]/C
                            (rising edge-triggered cell FDRE clocked by sys_clk  {rise@0.000ns fall@5.000ns period=10.000ns})
  Destination:            dut/b2/compress_inst/v_reg[4][51]/D
                            (rising edge-triggered cell FDSE clocked by sys_clk  {rise@0.000ns fall@5.000ns period=10.000ns})
  Path Group:             sys_clk
  Path Type:              Setup (Max at Slow Process Corner)
  Requirement:            10.000ns  (sys_clk rise@10.000ns - sys_clk rise@0.000ns)
  Data Path Delay:        8.844ns  (logic 4.385ns (49.581%)  route 4.459ns (50.419%))
  Logic Levels:           19  (CARRY4=15 LUT3=3 LUT4=1)
  Clock Path Skew:        -0.111ns (DCD - SCD + CPR)
    Destination Clock Delay (DCD):    4.769ns = ( 14.769 - 10.000 ) 
    Source Clock Delay      (SCD):    5.068ns
    Clock Pessimism Removal (CPR):    0.188ns
  Clock Uncertainty:      0.035ns  ((TSJ^2 + TIJ^2)^1/2 + DJ) / 2 + PE
    Total System Jitter     (TSJ):    0.071ns
    Total Input Jitter      (TIJ):    0.000ns
    Discrete Jitter          (DJ):    0.000ns
    Phase Error              (PE):    0.000ns

    Location             Delay type                Incr(ns)  Path(ns)    Netlist Resource(s)
  -------------------------------------------------------------------    -------------------
                         (clock sys_clk rise edge)    0.000     0.000 r  
    W5                                                0.000     0.000 r  clk (IN)
                         net (fo=0)                   0.000     0.000    clk
    W5                   IBUF (Prop_ibuf_I_O)         1.458     1.458 r  clk_IBUF_inst/O
                         net (fo=1, routed)           1.967     3.425    clk_IBUF
    BUFGCTRL_X0Y0        BUFG (Prop_bufg_I_O)         0.096     3.521 r  clk_IBUF_BUFG_inst/O
                         net (fo=4690, routed)        1.547     5.068    dut/b2/compress_inst/d3/clk_IBUF_BUFG
    SLICE_X44Y25         FDRE                                         r  dut/b2/compress_inst/d3/b0_r_reg[13]/C
  -------------------------------------------------------------------    -------------------
    SLICE_X44Y25         FDRE (Prop_fdre_C_Q)         0.456     5.524 r  dut/b2/compress_inst/d3/b0_r_reg[13]/Q
                         net (fo=3, routed)           1.533     7.057    dut/b2/compress_inst/d3/b0_r[13]
    SLICE_X42Y8          LUT3 (Prop_lut3_I0_O)        0.157     7.214 r  dut/b2/compress_inst/d3/v[3][15]_i_3/O
                         net (fo=2, routed)           0.594     7.808    dut/b2/compress_inst/d3/v[3][15]_i_3_n_0
    SLICE_X41Y12         LUT4 (Prop_lut4_I0_O)        0.355     8.163 r  dut/b2/compress_inst/d3/v[3][15]_i_7/O
                         net (fo=1, routed)           0.000     8.163    dut/b2/compress_inst/d3/v[3][15]_i_7_n_0
    SLICE_X41Y12         CARRY4 (Prop_carry4_S[2]_CO[3])
                                                      0.398     8.561 r  dut/b2/compress_inst/d3/v_reg[3][15]_i_1/CO[3]
                         net (fo=1, routed)           0.000     8.561    dut/b2/compress_inst/d3/v_reg[3][15]_i_1_n_0
    SLICE_X41Y13         CARRY4 (Prop_carry4_CI_CO[3])
                                                      0.114     8.675 r  dut/b2/compress_inst/d3/v_reg[3][17]_i_1/CO[3]
                         net (fo=1, routed)           0.000     8.675    dut/b2/compress_inst/d3/v_reg[3][17]_i_1_n_0
    SLICE_X41Y14         CARRY4 (Prop_carry4_CI_O[1])
                                                      0.334     9.009 r  dut/b2/compress_inst/d3/v_reg[3][23]_i_1/O[1]
                         net (fo=3, routed)           0.857     9.866    dut/b2/compress_inst/d3/a_o[8]
    SLICE_X50Y15         LUT3 (Prop_lut3_I2_O)        0.303    10.169 r  dut/b2/compress_inst/d3/v[9][7]_i_4/O
                         net (fo=1, routed)           0.000    10.169    dut/b2/compress_inst/d3/v[9][7]_i_4_n_0
    SLICE_X50Y15         CARRY4 (Prop_carry4_S[1]_CO[3])
                                                      0.533    10.702 r  dut/b2/compress_inst/d3/v_reg[9][7]_i_1/CO[3]
                         net (fo=1, routed)           0.000    10.702    dut/b2/compress_inst/d3/v_reg[9][7]_i_1_n_0
    SLICE_X50Y16         CARRY4 (Prop_carry4_CI_CO[3])
                                                      0.117    10.819 r  dut/b2/compress_inst/d3/v_reg[9][11]_i_1/CO[3]
                         net (fo=1, routed)           0.000    10.819    dut/b2/compress_inst/d3/v_reg[9][11]_i_1_n_0
    SLICE_X50Y17         CARRY4 (Prop_carry4_CI_CO[3])
                                                      0.117    10.936 r  dut/b2/compress_inst/d3/v_reg[9][14]_i_1/CO[3]
                         net (fo=1, routed)           0.000    10.936    dut/b2/compress_inst/d3/v_reg[9][14]_i_1_n_0
    SLICE_X50Y18         CARRY4 (Prop_carry4_CI_CO[3])
                                                      0.117    11.053 r  dut/b2/compress_inst/d3/v_reg[9][18]_i_1/CO[3]
                         net (fo=1, routed)           0.000    11.053    dut/b2/compress_inst/d3/v_reg[9][18]_i_1_n_0
    SLICE_X50Y19         CARRY4 (Prop_carry4_CI_CO[3])
                                                      0.117    11.170 r  dut/b2/compress_inst/d3/v_reg[9][21]_i_1/CO[3]
                         net (fo=1, routed)           0.000    11.170    dut/b2/compress_inst/d3/v_reg[9][21]_i_1_n_0
    SLICE_X50Y20         CARRY4 (Prop_carry4_CI_CO[3])
                                                      0.117    11.287 r  dut/b2/compress_inst/d3/v_reg[9][27]_i_1/CO[3]
                         net (fo=1, routed)           0.000    11.287    dut/b2/compress_inst/d3/v_reg[9][27]_i_1_n_0
    SLICE_X50Y21         CARRY4 (Prop_carry4_CI_CO[3])
                                                      0.117    11.404 r  dut/b2/compress_inst/d3/v_reg[9][30]_i_1/CO[3]
                         net (fo=1, routed)           0.000    11.404    dut/b2/compress_inst/d3/v_reg[9][30]_i_1_n_0
    SLICE_X50Y22         CARRY4 (Prop_carry4_CI_CO[3])
                                                      0.117    11.521 r  dut/b2/compress_inst/d3/v_reg[9][35]_i_1/CO[3]
                         net (fo=1, routed)           0.000    11.521    dut/b2/compress_inst/d3/v_reg[9][35]_i_1_n_0
    SLICE_X50Y23         CARRY4 (Prop_carry4_CI_CO[3])
                                                      0.117    11.638 r  dut/b2/compress_inst/d3/v_reg[9][38]_i_1/CO[3]
                         net (fo=1, routed)           0.000    11.638    dut/b2/compress_inst/d3/v_reg[9][38]_i_1_n_0
    SLICE_X50Y24         CARRY4 (Prop_carry4_CI_CO[3])
                                                      0.117    11.755 r  dut/b2/compress_inst/d3/v_reg[9][40]_i_1/CO[3]
                         net (fo=1, routed)           0.009    11.764    dut/b2/compress_inst/d3/v_reg[9][40]_i_1_n_0
    SLICE_X50Y25         CARRY4 (Prop_carry4_CI_CO[3])
                                                      0.117    11.881 r  dut/b2/compress_inst/d3/v_reg[9][46]_i_1/CO[3]
                         net (fo=1, routed)           0.000    11.881    dut/b2/compress_inst/d3/v_reg[9][46]_i_1_n_0
    SLICE_X50Y26         CARRY4 (Prop_carry4_CI_O[2])
                                                      0.239    12.120 r  dut/b2/compress_inst/d3/v_reg[9][51]_i_1/O[2]
                         net (fo=2, routed)           1.466    13.586    dut/b2/compress_inst/d3/diag_out3[2]_31[50]
    SLICE_X33Y24         LUT3 (Prop_lut3_I2_O)        0.326    13.912 r  dut/b2/compress_inst/d3/v[4][51]_i_1/O
                         net (fo=1, routed)           0.000    13.912    dut/b2/compress_inst/d3_n_155
    SLICE_X33Y24         FDSE                                         r  dut/b2/compress_inst/v_reg[4][51]/D
  -------------------------------------------------------------------    -------------------

                         (clock sys_clk rise edge)   10.000    10.000 r  
    W5                                                0.000    10.000 r  clk (IN)
                         net (fo=0)                   0.000    10.000    clk
    W5                   IBUF (Prop_ibuf_I_O)         1.388    11.388 r  clk_IBUF_inst/O
                         net (fo=1, routed)           1.862    13.250    clk_IBUF
    BUFGCTRL_X0Y0        BUFG (Prop_bufg_I_O)         0.091    13.341 r  clk_IBUF_BUFG_inst/O
                         net (fo=4690, routed)        1.428    14.769    dut/b2/compress_inst/clk_IBUF_BUFG
    SLICE_X33Y24         FDSE                                         r  dut/b2/compress_inst/v_reg[4][51]/C
                         clock pessimism              0.188    14.957    
                         clock uncertainty           -0.035    14.922    
    SLICE_X33Y24         FDSE (Setup_fdse_C_D)        0.075    14.997    dut/b2/compress_inst/v_reg[4][51]
  -------------------------------------------------------------------
                         required time                         14.997    
                         arrival time                         -13.912    
  -------------------------------------------------------------------
                         slack                                  1.084    





Min Delay Paths
--------------------------------------------------------------------------------------
Slack (MET) :             0.046ns  (arrival time - required time)
  Source:                 dut/b2/compress_inst/v_reg[12][42]/C
                            (rising edge-triggered cell FDRE clocked by sys_clk  {rise@0.000ns fall@5.000ns period=10.000ns})
  Destination:            dut/b2/compress_inst/hash_out_reg[4][42]/D
                            (rising edge-triggered cell FDRE clocked by sys_clk  {rise@0.000ns fall@5.000ns period=10.000ns})
  Path Group:             sys_clk
  Path Type:              Hold (Min at Fast Process Corner)
  Requirement:            0.000ns  (sys_clk rise@0.000ns - sys_clk rise@0.000ns)
  Data Path Delay:        0.400ns  (logic 0.186ns (46.532%)  route 0.214ns (53.468%))
  Logic Levels:           1  (LUT2=1)
  Clock Path Skew:        0.262ns (DCD - SCD - CPR)
    Destination Clock Delay (DCD):    1.950ns
    Source Clock Delay      (SCD):    1.439ns
    Clock Pessimism Removal (CPR):    0.249ns

    Location             Delay type                Incr(ns)  Path(ns)    Netlist Resource(s)
  -------------------------------------------------------------------    -------------------
                         (clock sys_clk rise edge)    0.000     0.000 r  
    W5                                                0.000     0.000 r  clk (IN)
                         net (fo=0)                   0.000     0.000    clk
    W5                   IBUF (Prop_ibuf_I_O)         0.226     0.226 r  clk_IBUF_inst/O
                         net (fo=1, routed)           0.631     0.858    clk_IBUF
    BUFGCTRL_X0Y0        BUFG (Prop_bufg_I_O)         0.026     0.884 r  clk_IBUF_BUFG_inst/O
                         net (fo=4690, routed)        0.556     1.439    dut/b2/compress_inst/clk_IBUF_BUFG
    SLICE_X39Y31         FDRE                                         r  dut/b2/compress_inst/v_reg[12][42]/C
  -------------------------------------------------------------------    -------------------
    SLICE_X39Y31         FDRE (Prop_fdre_C_Q)         0.141     1.580 r  dut/b2/compress_inst/v_reg[12][42]/Q
                         net (fo=3, routed)           0.214     1.794    dut/b2/compress_inst/v_reg[12]_45[42]
    SLICE_X31Y31         LUT2 (Prop_lut2_I1_O)        0.045     1.839 r  dut/b2/compress_inst/hash_out[4][42]_i_1/O
                         net (fo=1, routed)           0.000     1.839    dut/b2/compress_inst/p_3_out[42]
    SLICE_X31Y31         FDRE                                         r  dut/b2/compress_inst/hash_out_reg[4][42]/D
  -------------------------------------------------------------------    -------------------

                         (clock sys_clk rise edge)    0.000     0.000 r  
    W5                                                0.000     0.000 r  clk (IN)
                         net (fo=0)                   0.000     0.000    clk
    W5                   IBUF (Prop_ibuf_I_O)         0.414     0.414 r  clk_IBUF_inst/O
                         net (fo=1, routed)           0.685     1.099    clk_IBUF
    BUFGCTRL_X0Y0        BUFG (Prop_bufg_I_O)         0.029     1.128 r  clk_IBUF_BUFG_inst/O
                         net (fo=4690, routed)        0.823     1.950    dut/b2/compress_inst/clk_IBUF_BUFG
    SLICE_X31Y31         FDRE                                         r  dut/b2/compress_inst/hash_out_reg[4][42]/C
                         clock pessimism             -0.249     1.701    
    SLICE_X31Y31         FDRE (Hold_fdre_C_D)         0.092     1.793    dut/b2/compress_inst/hash_out_reg[4][42]
  -------------------------------------------------------------------
                         required time                         -1.793    
                         arrival time                           1.839    
  -------------------------------------------------------------------
                         slack                                  0.046    





Pulse Width Checks
--------------------------------------------------------------------------------------
Clock Name:         sys_clk
Waveform(ns):       { 0.000 5.000 }
Period(ns):         10.000
Sources:            { clk }

Check Type        Corner  Lib Pin  Reference Pin  Required(ns)  Actual(ns)  Slack(ns)  Location       Pin
Min Period        n/a     BUFG/I   n/a            2.155         10.000      7.845      BUFGCTRL_X0Y0  clk_IBUF_BUFG_inst/I
Low Pulse Width   Slow    FDPE/C   n/a            0.500         5.000       4.500      SLICE_X34Y0    dut/b2/compress_inst/FSM_onehot_state_reg[0]/C
High Pulse Width  Slow    FDPE/C   n/a            0.500         5.000       4.500      SLICE_X34Y0    dut/b2/compress_inst/FSM_onehot_state_reg[0]/C



